[    0.000000] Linux version 4.15.0-176-generic (buildd@lcy02-amd64-020) (gcc version 7.5.0 (Ubuntu 7.5.0-3ubuntu1~18.04)) #185-Ubuntu SMP Tue Mar 29 17:40:04 UTC 2022 (Ubuntu 4.15.0-176.185-generic 4.15.18)
[    0.000000] Command line: BOOT_IMAGE=/boot/vmlinuz-4.15.0-176-generic root=LABEL=cloudimg-rootfs ro console=tty1 console=ttyS0
[    0.000000] KERNEL supported cpus:
[    0.000000]   Intel GenuineIntel
[    0.000000]   AMD AuthenticAMD
[    0.000000]   Centaur CentaurHauls
[    0.000000] x86/fpu: x87 FPU will use FXSAVE
[    0.000000] e820: BIOS-provided physical RAM map:
[    0.000000] BIOS-e820: [mem 0x0000000000000000-0x000000000009fbff] usable
[    0.000000] BIOS-e820: [mem 0x000000000009fc00-0x000000000009ffff] reserved
[    0.000000] BIOS-e820: [mem 0x00000000000f0000-0x00000000000fffff] reserved
[    0.000000] BIOS-e820: [mem 0x0000000000100000-0x000000003ffeffff] usable
[    0.000000] BIOS-e820: [mem 0x000000003fff0000-0x000000003fffffff] ACPI data
[    0.000000] BIOS-e820: [mem 0x00000000fec00000-0x00000000fec00fff] reserved
[    0.000000] BIOS-e820: [mem 0x00000000fee00000-0x00000000fee00fff] reserved
[    0.000000] BIOS-e820: [mem 0x00000000fffc0000-0x00000000ffffffff] reserved
[    0.000000] NX (Execute Disable) protection: active
[    0.000000] SMBIOS 2.5 present.
[    0.000000] DMI: innotek GmbH VirtualBox/VirtualBox, BIOS VirtualBox 12/01/2006
[    0.000000] Hypervisor detected: KVM
[    0.000000] e820: last_pfn = 0x3fff0 max_arch_pfn = 0x400000000
[    0.000000] MTRR: Disabled
[    0.000000] x86/PAT: MTRRs disabled, skipping PAT initialization too.
[    0.000000] CPU MTRRs all blank - virtualized system.
[    0.000000] x86/PAT: Configuration [0-7]: WB  WT  UC- UC  WB  WT  UC- UC  
[    0.000000] found SMP MP-table at [mem 0x0009fff0-0x0009ffff]
[    0.000000] Scanning 1 areas for low memory corruption
[    0.000000] RAMDISK: [mem 0x359cb000-0x36cdcfff]
[    0.000000] ACPI: Early table checksum verification disabled
[    0.000000] ACPI: RSDP 0x00000000000E0000 000024 (v02 VBOX  )
[    0.000000] ACPI: XSDT 0x000000003FFF0030 00003C (v01 VBOX   VBOXXSDT 00000001 ASL  00000061)
[    0.000000] ACPI: FACP 0x000000003FFF00F0 0000F4 (v04 VBOX   VBOXFACP 00000001 ASL  00000061)
[    0.000000] ACPI: DSDT 0x000000003FFF0610 002353 (v02 VBOX   VBOXBIOS 00000002 INTL 20100528)
[    0.000000] ACPI: FACS 0x000000003FFF0200 000040
[    0.000000] ACPI: FACS 0x000000003FFF0200 000040
[    0.000000] ACPI: APIC 0x000000003FFF0240 00005C (v02 VBOX   VBOXAPIC 00000001 ASL  00000061)
[    0.000000] ACPI: SSDT 0x000000003FFF02A0 00036C (v01 VBOX   VBOXCPUT 00000002 INTL 20100528)
[    0.000000] ACPI: Reserving FACP table memory at [mem 0x3fff00f0-0x3fff01e3]
[    0.000000] ACPI: Reserving DSDT table memory at [mem 0x3fff0610-0x3fff2962]
[    0.000000] ACPI: Reserving FACS table memory at [mem 0x3fff0200-0x3fff023f]
[    0.000000] ACPI: Reserving FACS table memory at [mem 0x3fff0200-0x3fff023f]
[    0.000000] ACPI: Reserving APIC table memory at [mem 0x3fff0240-0x3fff029b]
[    0.000000] ACPI: Reserving SSDT table memory at [mem 0x3fff02a0-0x3fff060b]
[    0.000000] No NUMA configuration found
[    0.000000] Faking a node at [mem 0x0000000000000000-0x000000003ffeffff]
[    0.000000] NODE_DATA(0) allocated [mem 0x3ffc5000-0x3ffeffff]
[    0.000000] kvm-clock: cpu 0, msr 0:3ff44001, primary cpu clock
[    0.000000] kvm-clock: Using msrs 4b564d01 and 4b564d00
[    0.000000] kvm-clock: using sched offset of 6314598670 cycles
[    0.000000] clocksource: kvm-clock: mask: 0xffffffffffffffff max_cycles: 0x1cd42e4dffb, max_idle_ns: 881590591483 ns
[    0.000000] Zone ranges:
[    0.000000]   DMA      [mem 0x0000000000001000-0x0000000000ffffff]
[    0.000000]   DMA32    [mem 0x0000000001000000-0x000000003ffeffff]
[    0.000000]   Normal   empty
[    0.000000]   Device   empty
[    0.000000] Movable zone start for each node
[    0.000000] Early memory node ranges
[    0.000000]   node   0: [mem 0x0000000000001000-0x000000000009efff]
[    0.000000]   node   0: [mem 0x0000000000100000-0x000000003ffeffff]
[    0.000000] Reserved but unavailable: 104 pages
[    0.000000] Initmem setup node 0 [mem 0x0000000000001000-0x000000003ffeffff]
[    0.000000] ACPI: PM-Timer IO Port: 0x4008
[    0.000000] IOAPIC[0]: apic_id 2, version 32, address 0xfec00000, GSI 0-23
[    0.000000] ACPI: INT_SRC_OVR (bus 0 bus_irq 0 global_irq 2 dfl dfl)
[    0.000000] ACPI: INT_SRC_OVR (bus 0 bus_irq 9 global_irq 9 low level)
[    0.000000] Using ACPI (MADT) for SMP configuration information
[    0.000000] smpboot: Allowing 2 CPUs, 0 hotplug CPUs
[    0.000000] PM: Registered nosave memory: [mem 0x00000000-0x00000fff]
[    0.000000] PM: Registered nosave memory: [mem 0x0009f000-0x0009ffff]
[    0.000000] PM: Registered nosave memory: [mem 0x000a0000-0x000effff]
[    0.000000] PM: Registered nosave memory: [mem 0x000f0000-0x000fffff]
[    0.000000] e820: [mem 0x40000000-0xfebfffff] available for PCI devices
[    0.000000] Booting paravirtualized kernel on KVM
[    0.000000] clocksource: refined-jiffies: mask: 0xffffffff max_cycles: 0xffffffff, max_idle_ns: 7645519600211568 ns
[    0.000000] random: get_random_bytes called from start_kernel+0x99/0x500 with crng_init=0
[    0.000000] setup_percpu: NR_CPUS:8192 nr_cpumask_bits:2 nr_cpu_ids:2 nr_node_ids:1
[    0.000000] percpu: Embedded 50 pages/cpu s167936 r8192 d28672 u1048576
[    0.000000] PV qspinlock hash table entries: 256 (order: 0, 4096 bytes)
[    0.000000] Built 1 zonelists, mobility grouping on.  Total pages: 257913
[    0.000000] Policy zone: DMA32
[    0.000000] Kernel command line: BOOT_IMAGE=/boot/vmlinuz-4.15.0-176-generic root=LABEL=cloudimg-rootfs ro console=tty1 console=ttyS0
[    0.000000] Memory: 982648K/1048120K available (12300K kernel code, 2484K rwdata, 4324K rodata, 2468K init, 2724K bss, 65472K reserved, 0K cma-reserved)
[    0.000000] SLUB: HWalign=64, Order=0-3, MinObjects=0, CPUs=2, Nodes=1
[    0.000000] Kernel/User page tables isolation: enabled
[    0.000000] ftrace: allocating 39504 entries in 155 pages
[    0.004000] Hierarchical RCU implementation.
[    0.004000] 	RCU restricting CPUs from NR_CPUS=8192 to nr_cpu_ids=2.
[    0.004000] 	Tasks RCU enabled.
[    0.004000] RCU: Adjusting geometry for rcu_fanout_leaf=16, nr_cpu_ids=2
[    0.004000] NR_IRQS: 524544, nr_irqs: 440, preallocated irqs: 16
[    0.004000] Console: colour VGA+ 80x25
[    0.004000] console [tty1] enabled
[    0.004000] console [ttyS0] enabled
[    0.004000] ACPI: Core revision 20170831
[    0.004000] ACPI: 2 ACPI AML tables successfully acquired and loaded
[    0.004000] APIC: Switch to symmetric I/O mode setup
[    0.008000] ..TIMER: vector=0x30 apic1=0 pin1=2 apic2=-1 pin2=-1
[    0.008012] tsc: Detected 1991.998 MHz processor
[    0.012098] Calibrating delay loop (skipped) preset value.. 3983.99 BogoMIPS (lpj=7967992)
[    0.016012] pid_max: default: 32768 minimum: 301
[    0.020065] Security Framework initialized
[    0.024013] Yama: becoming mindful.
[    0.028066] AppArmor: AppArmor initialized
[    0.036586] Dentry cache hash table entries: 131072 (order: 8, 1048576 bytes)
[    0.040506] Inode-cache hash table entries: 65536 (order: 7, 524288 bytes)
[    0.044050] Mount-cache hash table entries: 2048 (order: 2, 16384 bytes)
[    0.052034] Mountpoint-cache hash table entries: 2048 (order: 2, 16384 bytes)
[    0.065807] Last level iTLB entries: 4KB 64, 2MB 8, 4MB 8
[    0.068011] Last level dTLB entries: 4KB 64, 2MB 0, 4MB 0, 1GB 4
[    0.072014] Spectre V1 : Mitigation: usercopy/swapgs barriers and __user pointer sanitization
[    0.076010] Spectre V2 : Mitigation: Retpolines
[    0.080010] Spectre V2 : Spectre v2 / SpectreRSB mitigation: Filling RSB on context switch
[    0.084010] Speculative Store Bypass: Vulnerable
[    0.088164] SRBDS: Unknown: Dependent on hypervisor status
[    0.092012] MDS: Mitigation: Clear CPU buffers
[    0.096256] Freeing SMP alternatives memory: 36K
[    0.220335] APIC calibration not consistent with PM-Timer: 102ms instead of 100ms
[    0.224000] APIC delta adjusted to PM-Timer: 6301387 (6469628)
[    0.226382] smpboot: CPU0: Intel(R) Core(TM) i7-8550U CPU @ 1.80GHz (family: 0x6, model: 0x8e, stepping: 0xa)
[    0.228000] Performance Events: unsupported p6 CPU model 142 no PMU driver, software events only.
[    0.228258] Hierarchical SRCU implementation.
[    0.236505] NMI watchdog: Perf event create on CPU 0 failed with -2
[    0.240171] NMI watchdog: Perf NMI watchdog permanently disabled
[    0.244216] smp: Bringing up secondary CPUs ...
[    0.248353] x86: Booting SMP configuration:
[    0.252012] .... node  #0, CPUs:      #1
[    0.004000] kvm-clock: cpu 1, msr 0:3ff44041, secondary cpu clock
[    0.294668] TSC synchronization [CPU#0 -> CPU#1]:
[    0.296000] Measured 83852 cycles TSC warp between CPUs, turning off TSC clock.
[    0.296000] tsc: Marking TSC unstable due to check_tsc_sync_source failed
[    0.300525] smp: Brought up 1 node, 2 CPUs
[    0.304017] smpboot: Max logical packages: 1
[    0.308012] smpboot: Total of 2 processors activated (7967.99 BogoMIPS)
[    0.316974] devtmpfs: initialized
[    0.320154] x86/mm: Memory block size: 128MB
[    0.324409] evm: security.selinux
[    0.328010] evm: security.SMACK64
[    0.332010] evm: security.SMACK64EXEC
[    0.336011] evm: security.SMACK64TRANSMUTE
[    0.340012] evm: security.SMACK64MMAP
[    0.348015] evm: security.apparmor
[    0.352009] evm: security.ima
[    0.356011] evm: security.capability
[    0.368016] clocksource: jiffies: mask: 0xffffffff max_cycles: 0xffffffff, max_idle_ns: 7645041785100000 ns
[    0.372025] futex hash table entries: 512 (order: 3, 32768 bytes)
[    0.376120] pinctrl core: initialized pinctrl subsystem
[    0.384728] RTC time: 21:01:12, date: 10/16/23
[    0.393258] NET: Registered protocol family 16
[    0.396572] audit: initializing netlink subsys (disabled)
[    0.404401] audit: type=2000 audit(1697490078.344:1): state=initialized audit_enabled=0 res=1
[    0.448020] cpuidle: using governor ladder
[    0.452079] cpuidle: using governor menu
[    0.460073] ACPI: bus type PCI registered
[    0.464017] acpiphp: ACPI Hot Plug PCI Controller Driver version: 0.5
[    0.470108] PCI: Using configuration type 1 for base access
[    0.496291] HugeTLB registered 2.00 MiB page size, pre-allocated 0 pages
[    0.516009] ACPI: Added _OSI(Module Device)
[    0.532012] ACPI: Added _OSI(Processor Device)
[    0.552011] ACPI: Added _OSI(3.0 _SCP Extensions)
[    0.576012] ACPI: Added _OSI(Processor Aggregator Device)
[    0.608015] ACPI: Added _OSI(Linux-Dell-Video)
[    0.628014] ACPI: Added _OSI(Linux-Lenovo-NV-HDMI-Audio)
[    0.660020] ACPI: Added _OSI(Linux-HPI-Hybrid-Graphics)
[    0.684515] ACPI: Executed 1 blocks of module-level executable AML code
[    0.745741] ACPI: Interpreter enabled
[    0.772051] ACPI: (supports S0 S5)
[    0.796015] ACPI: Using IOAPIC for interrupt routing
[    0.820066] PCI: Using host bridge windows from ACPI; if necessary, use "pci=nocrs" and report a bug
[    0.852521] ACPI: Enabled 2 GPEs in block 00 to 07
[    0.908805] ACPI: PCI Root Bridge [PCI0] (domain 0000 [bus 00-ff])
[    0.928028] acpi PNP0A03:00: _OSC: OS supports [ASPM ClockPM Segments MSI]
[    0.960445] acpi PNP0A03:00: _OSC: not requesting OS control; OS requires [ExtendedConfig ASPM ClockPM MSI]
[    1.024048] acpi PNP0A03:00: fail to add MMCONFIG information, can't access extended PCI configuration space under this bridge.
[    1.064274] PCI host bridge to bus 0000:00
[    1.076011] pci_bus 0000:00: root bus resource [io  0x0000-0x0cf7 window]
[    1.096013] pci_bus 0000:00: root bus resource [io  0x0d00-0xffff window]
[    1.112013] pci_bus 0000:00: root bus resource [mem 0x000a0000-0x000bffff window]
[    1.132016] pci_bus 0000:00: root bus resource [mem 0x40000000-0xfdffffff window]
[    1.156015] pci_bus 0000:00: root bus resource [bus 00-ff]
[    1.197832] pci 0000:00:01.1: legacy IDE quirk: reg 0x10: [io  0x01f0-0x01f7]
[    1.224017] pci 0000:00:01.1: legacy IDE quirk: reg 0x14: [io  0x03f6]
[    1.252020] pci 0000:00:01.1: legacy IDE quirk: reg 0x18: [io  0x0170-0x0177]
[    1.284059] pci 0000:00:01.1: legacy IDE quirk: reg 0x1c: [io  0x0376]
[    1.428781] pci 0000:00:07.0: quirk: [io  0x4000-0x403f] claimed by PIIX4 ACPI
[    1.460146] pci 0000:00:07.0: quirk: [io  0x4100-0x410f] claimed by PIIX4 SMB
[    1.548792] ACPI: PCI Interrupt Link [LNKA] (IRQs 5 9 10 *11)
[    1.578749] ACPI: PCI Interrupt Link [LNKB] (IRQs 5 9 *10 11)
[    1.604870] ACPI: PCI Interrupt Link [LNKC] (IRQs 5 *9 10 11)
[    1.632455] ACPI: PCI Interrupt Link [LNKD] (IRQs 5 9 10 *11)
[    1.662782] SCSI subsystem initialized
[    1.689937] pci 0000:00:02.0: vgaarb: setting as boot VGA device
[    1.692000] pci 0000:00:02.0: vgaarb: VGA device added: decodes=io+mem,owns=io+mem,locks=none
[    1.828018] pci 0000:00:02.0: vgaarb: bridge control possible
[    1.860009] vgaarb: loaded
[    1.876236] ACPI: bus type USB registered
[    1.880765] usbcore: registered new interface driver usbfs
[    1.884054] usbcore: registered new interface driver hub
[    1.888118] usbcore: registered new device driver usb
[    1.896377] EDAC MC: Ver: 3.0.0
[    1.904883] PCI: Using ACPI for IRQ routing
[    1.914103] NetLabel: Initializing
[    1.916012] NetLabel:  domain hash size = 128
[    1.920008] NetLabel:  protocols = UNLABELED CIPSOv4 CALIPSO
[    1.924113] NetLabel:  unlabeled traffic allowed by default
[    1.932811] clocksource: Switched to clocksource kvm-clock
[    1.969621] VFS: Disk quotas dquot_6.6.0
[    1.969621] VFS: Dquot-cache hash table entries: 512 (order 0, 4096 bytes)
[    1.969621] AppArmor: AppArmor Filesystem Enabled
[    1.969621] pnp: PnP ACPI init
[    1.969621] pnp: PnP ACPI: found 3 devices
[    2.294013] clocksource: acpi_pm: mask: 0xffffff max_cycles: 0xffffff, max_idle_ns: 2085701024 ns
[    2.317958] NET: Registered protocol family 2
[    2.321684] IP idents hash table entries: 16384 (order: 5, 131072 bytes)
[    2.352544] TCP established hash table entries: 8192 (order: 4, 65536 bytes)
[    2.373958] TCP bind hash table entries: 8192 (order: 5, 131072 bytes)
[    2.398263] TCP: Hash tables configured (established 8192 bind 8192)
[    2.423372] UDP hash table entries: 512 (order: 2, 16384 bytes)
[    2.441918] UDP-Lite hash table entries: 512 (order: 2, 16384 bytes)
[    2.463107] NET: Registered protocol family 1
[    2.478165] pci 0000:00:00.0: Limiting direct PCI/PCI transfers
[    2.495249] pci 0000:00:01.0: Activating ISA DMA hang workarounds
[    2.515178] pci 0000:00:02.0: Video device with shadowed ROM at [mem 0x000c0000-0x000dffff]
[    2.541462] Unpacking initramfs...
[    4.381527] Freeing initrd memory: 19528K
[    4.401671] clocksource: tsc: mask: 0xffffffffffffffff max_cycles: 0x396d4e5fc9d, max_idle_ns: 881590756024 ns
[    4.436326] platform rtc_cmos: registered platform RTC device (no PNP device found)
[    4.462903] Scanning for low memory corruption every 60 seconds
[    4.497237] Initialise system trusted keyrings
[    4.515337] Key type blacklist registered
[    4.534918] workingset: timestamp_bits=36 max_order=18 bucket_order=0
[    4.559776] zbud: loaded
[    4.579512] squashfs: version 4.0 (2009/01/31) Phillip Lougher
[    4.607195] fuse init (API version 7.26)
[    4.689843] Key type asymmetric registered
[    4.706884] Asymmetric key parser 'x509' registered
[    4.724457] Block layer SCSI generic (bsg) driver version 0.4 loaded (major 246)
[    4.749364] io scheduler noop registered
[    4.764863] io scheduler deadline registered
[    4.781116] io scheduler cfq registered (default)
[    4.802228] ACPI: AC Adapter [AC] (off-line)
[    4.818737] input: Power Button as /devices/LNXSYSTM:00/LNXPWRBN:00/input/input0
[    4.850053] ACPI: Power Button [PWRF]
[    4.864751] input: Sleep Button as /devices/LNXSYSTM:00/LNXSLPBN:00/input/input1
[    4.891867] ACPI: Sleep Button [SLPF]
[    4.909802] Serial: 8250/16550 driver, 32 ports, IRQ sharing enabled
[    4.915004] ACPI: Battery Slot [BAT0] (battery present)
[    5.003265] 00:02: ttyS0 at I/O 0x3f8 (irq = 4, base_baud = 115200) is a 16550A
[    5.039845] Linux agpgart interface v0.103
[    5.064967] loop: module loaded
[    5.087451] scsi host0: ata_piix
[    5.106627] scsi host1: ata_piix
[    5.118321] ata1: PATA max UDMA/33 cmd 0x1f0 ctl 0x3f6 bmdma 0xd000 irq 14
[    5.143785] ata2: PATA max UDMA/33 cmd 0x170 ctl 0x376 bmdma 0xd008 irq 15
[    5.169418] tun: Universal TUN/TAP device driver, 1.6
[    5.188582] PPP generic driver version 2.4.2
[    5.202787] ehci_hcd: USB 2.0 'Enhanced' Host Controller (EHCI) Driver
[    5.225649] ehci-pci: EHCI PCI platform driver
[    5.241336] ehci-platform: EHCI generic platform driver
[    5.259337] ohci_hcd: USB 1.1 'Open' Host Controller (OHCI) Driver
[    5.280295] ohci-pci: OHCI PCI platform driver
[    5.298643] ohci-platform: OHCI generic platform driver
[    5.322065] uhci_hcd: USB Universal Host Controller Interface driver
[    5.348555] i8042: PNP: PS/2 Controller [PNP0303:PS2K,PNP0f03:PS2M] at 0x60,0x64 irq 1,12
[    5.422716] serio: i8042 KBD port at 0x60,0x64 irq 1
[    5.512499] serio: i8042 AUX port at 0x60,0x64 irq 12
[    5.526274] mousedev: PS/2 mouse device common for all mice
[    5.542980] input: AT Translated Set 2 keyboard as /devices/platform/i8042/serio0/input/input2
[    5.567675] rtc_cmos rtc_cmos: rtc core: registered rtc_cmos as rtc0
[    5.582999] rtc_cmos rtc_cmos: alarms up to one day, 114 bytes nvram
[    5.595608] i2c /dev entries driver
[    5.605108] device-mapper: uevent: version 1.0.3
[    5.615737] device-mapper: ioctl: 4.37.0-ioctl (2017-09-20) initialised: dm-devel@redhat.com
[    5.637907] ledtrig-cpu: registered to indicate activity on CPUs
[    5.661651] NET: Registered protocol family 10
[    5.706938] Segment Routing with IPv6
[    5.718125] NET: Registered protocol family 17
[    5.734707] Key type dns_resolver registered
[    5.746899] mce: Using 0 MCE banks
[    5.757984] RAS: Correctable Errors collector initialized.
[    5.771064] sched_clock: Marking stable (5770704984, 0)->(8672083402, -2901378418)
[    5.807048] registered taskstats version 1
[    5.817316] Loading compiled-in X.509 certificates
[    5.842816] Loaded X.509 cert 'Build time autogenerated kernel key: cf84eab1a20f3cf5ac3912166f3a35d35ba78c0c'
[    5.866897] Loaded X.509 cert 'Canonical Ltd. Live Patch Signing: 14df34d1a87cf37625abec039ef2bf521249b969'
[    5.894124] Loaded X.509 cert 'Canonical Ltd. Kernel Module Signing: 88f752e560a1e0737e31163a466ad7b70a850c19'
[    5.921158] blacklist: Loading compiled-in revocation X.509 certificates
[    5.941324] Loaded X.509 cert 'Canonical Ltd. Secure Boot Signing: 61482aa2830d0ab2ad5af10b7250da9033ddcef0'
[    5.969974] zswap: loaded using pool lzo/zbud
[    6.028083] Key type big_key registered
[    6.040227] Key type trusted registered
[    6.066119] Key type encrypted registered
[    6.079517] AppArmor: AppArmor sha1 policy hashing enabled
[    6.097830] ima: No TPM chip found, activating TPM-bypass! (rc=-19)
[    6.119197] ima: Allocated hash algorithm: sha1
[    6.134221] evm: HMAC attrs: 0x1
[    6.147322]   Magic number: 11:417:45
[    6.161042] rtc_cmos rtc_cmos: setting system clock to 2023-10-16 21:01:18 UTC (1697490078)
[    6.187065] BIOS EDD facility v0.16 2004-Jun-25, 0 devices found
[    6.204963] EDD information not available.
[    6.235172] Freeing unused kernel image memory: 2468K
[    6.403156] Write protecting the kernel read-only data: 20480k
[    6.461374] Freeing unused kernel image memory: 2008K
[    6.516738] Freeing unused kernel image memory: 1820K
[    6.598940] x86/mm: Checked W+X mappings: passed, no W+X pages found.
[    6.622005] x86/mm: Checking user space page tables
[    6.664903] x86/mm: Checked W+X mappings: passed, no W+X pages found.
Loading, please wait...
starting version 237
[    7.087319] Fusion MPT base driver 3.04.20
[    7.101252] Copyright (c) 1999-2008 LSI Corporation
[    7.135546] e1000: Intel(R) PRO/1000 Network Driver - version 7.3.21-k8-NAPI
[    7.163281] e1000: Copyright (c) 1999-2006 Intel Corporation.
[    7.308979] Fusion MPT SPI Host driver 3.04.20
[    7.354646] SSE version of gcm_enc/dec engaged.
[    7.510718] input: ImExPS/2 Generic Explorer Mouse as /devices/platform/i8042/serio1/input/input4
[    9.149271] e1000 0000:00:03.0 eth0: (PCI:33MHz:32-bit) 02:a2:6a:7b:07:96
[    9.183184] e1000 0000:00:03.0 eth0: Intel(R) PRO/1000 Network Connection
[    9.223921] mptbase: ioc0: Initiating bringup
[    9.368795] ioc0: LSI53C1030 A0: Capabilities={Initiator}
[    9.733558] scsi host2: ioc0: LSI53C1030 A0, FwRev=00000000h, Ports=1, MaxQ=256, IRQ=20
[    9.924086] scsi 2:0:0:0: Direct-Access     VBOX     HARDDISK         1.0  PQ: 0 ANSI: 5
[   10.108497] scsi target2:0:0: Beginning Domain Validation
[   10.213768] scsi target2:0:0: Domain Validation skipping write tests
[   10.248904] scsi target2:0:0: Ending Domain Validation
[   10.271540] scsi target2:0:0: asynchronous
[   10.285518] random: fast init done
[   10.301060] scsi 2:0:1:0: Direct-Access     VBOX     HARDDISK         1.0  PQ: 0 ANSI: 5
[   10.676594] scsi target2:0:1: Beginning Domain Validation
[   10.712168] scsi target2:0:1: Domain Validation skipping write tests
[   10.733316] scsi target2:0:1: Ending Domain Validation
[   10.753017] scsi target2:0:1: asynchronous
[   10.814473] random: systemd-udevd: uninitialized urandom read (16 bytes read)
[   10.841498] sd 2:0:0:0: [sda] 83886080 512-byte logical blocks: (42.9 GB/40.0 GiB)
[   10.864982] sd 2:0:0:0: Attached scsi generic sg0 type 0
[   10.884883] sd 2:0:1:0: Attached scsi generic sg1 type 0
[   10.910606] sd 2:0:0:0: [sda] Write Protect is off
[   10.915742] random: systemd-udevd: uninitialized urandom read (16 bytes read)
[   10.951532] sd 2:0:1:0: [sdb] 20480 512-byte logical blocks: (10.5 MB/10.0 MiB)
[   10.976046] sd 2:0:1:0: [sdb] Write Protect is off
[   11.000660] sd 2:0:0:0: [sda] Incomplete mode parameter data
[   11.002425] random: systemd-udevd: uninitialized urandom read (16 bytes read)
[   11.019089] sd 2:0:0:0: [sda] Assuming drive cache: write through
[   11.072576] sd 2:0:1:0: [sdb] Incomplete mode parameter data
[   11.090722] sd 2:0:1:0: [sdb] Assuming drive cache: write through
[   11.123286]  sda: sda1
[   11.151864] sd 2:0:1:0: [sdb] Attached SCSI disk
[   11.167536] sd 2:0:0:0: [sda] Attached SCSI disk
[   11.909933] e1000 0000:00:08.0 eth1: (PCI:33MHz:32-bit) 08:00:27:16:8d:8d
[   11.931161] e1000 0000:00:08.0 eth1: Intel(R) PRO/1000 Network Connection
[   11.963598] e1000 0000:00:08.0 enp0s8: renamed from eth1
[   11.990399] e1000 0000:00:03.0 enp0s3: renamed from eth0
Begin: Loading essential drivers ... [   18.395654] raid6: sse2x1   gen() 96132 MB/s
[   19.405012] raid6: sse2x1   xor() 62495 MB/s
[   20.401255] raid6: sse2x2   gen() 90767 MB/s
[   22.394668] raid6: sse2x2   xor() 55929 MB/s
[   22.455618] raid6: sse2x4   gen()  3480 MB/s
[   22.529221] raid6: sse2x4   xor()  1367 MB/s
[   22.550481] raid6: using algorithm sse2x1 gen() 96132 MB/s
[   22.579893] raid6: .... xor() 62495 MB/s, rmw enabled
[   22.600788] raid6: using ssse3x2 recovery algorithm
[   22.627776] xor: measuring software checksum speed
[   22.680443]    prefetch64-sse:  6367.000 MB/sec
[   22.737079]    generic_sse:  5609.000 MB/sec
[   22.749558] xor: using function: prefetch64-sse (6367.000 MB/sec)
[   22.771302] async_tx: api initialized (async)
done.
Begin: Running /scripts/init-premount ... done.
Begin: Mounting root file system ... Begin: Running /scripts/local-top ... done.
Begin: Running /scripts/local-premount ... [   22.994770] Btrfs loaded, crc32c=crc32c-intel
Scanning for Btrfs filesystems
done.
Warning: fsck not present, so skipping root file system
[   23.390905] EXT4-fs (sda1): mounted filesystem with ordered data mode. Opts: (null)
done.
Begin: Running /scripts/local-bottom ... done.
Begin: Running /scripts/init-bottom ... done.
[   24.025955] ip_tables: (C) 2000-2006 Netfilter Core Team
[   24.098454] systemd[1]: systemd 237 running in system mode. (+PAM +AUDIT +SELINUX +IMA +APPARMOR +SMACK +SYSVINIT +UTMP +LIBCRYPTSETUP +GCRYPT +GNUTLS +ACL +XZ +LZ4 +SECCOMP +BLKID +ELFUTILS +KMOD -IDN2 +IDN -PCRE2 default-hierarchy=hybrid)
[   24.158725] systemd[1]: Detected virtualization oracle.
[   24.170467] systemd[1]: Detected architecture x86-64.

Welcome to [1mUbuntu 18.04.6 LTS[0m!

[   24.265860] systemd[1]: Set hostname to <ubuntu>.
[   24.311745] systemd[1]: Initializing machine ID from random generator.
[   24.332571] systemd[1]: Installed transient /etc/machine-id file.
[   24.858126] random: crng init done
[   24.870546] random: 7 urandom warning(s) missed due to ratelimiting
[   25.530774] systemd[1]: Set up automount Arbitrary Executable File Formats File System Automount Point.
[[0;32m  OK  [0m] Set up automount Arbitrary Executabâ€¦rmats File System Automount Point.
[   25.569790] systemd[1]: Started Forward Password Requests to Wall Directory Watch.
[[0;32m  OK  [0m] Started Forward Password Requests to Wall Directory Watch.
[   25.601440] systemd[1]: Reached target System Time Synchronized.
[[0;32m  OK  [0m] Reached target System Time Synchronized.
[   25.726097] systemd[1]: Created slice System Slice.
[[0;32m  OK  [0m] Created slice System Slice.
[[0;32m  OK  [0m] Listening on udev Control Socket.
[[0;32m  OK  [0m] Listening on Journal Audit Socket.
[[0;32m  OK  [0m] Listening on Journal Socket.
         Mounting Huge Pages File System...
[[0;32m  OK  [0m] Listening on Device-mapper event daemon FIFOs.
         Starting Create list of required stâ€¦ce nodes for the current kernel...
[[0;32m  OK  [0m] Listening on Syslog Socket.
         Mounting POSIX Message Queue File System...
[[0;32m  OK  [0m] Listening on /dev/initctl Compatibility Named Pipe.
         Starting Set the console keyboard layout...
[[0;32m  OK  [0m] Created slice User and Session Slice.
[[0;32m  OK  [0m] Listening on fsck to fsckd communication Socket.
         Starting File System Check on Root Device...
         Starting Load Kernel Modules...
[[0;32m  OK  [0m] Reached target Swap.
[[0;32m  OK  [0m] Listening on Journal Socket (/dev/log).
[[0;32m  OK  [0m] Created slice system-serial\x2dgetty.slice.
         Starting Journal Service...
         Mounting Kernel Debug File System...
[[0;32m  OK  [0m] Reached target User and Group Name Lookups.
         Starting Uncomplicated firewall...
[[0;32m  OK  [0m] Listening on LVM2 metadata daemon socket.
[[0;32m  OK  [0m] Listening on Network Service Netlink Socket.
[[0;32m  OK  [0m] Reached target Slices.
[[0;32m  OK  [0m] Listening on LVM2 poll daemon socket.
[[0;32m  OK  [0m] Listening on udev Kernel Socket.
         Starting udev Coldplug all Devices...
         Starting Monitoring of LVM2 mirrorsâ€¦ng dmeventd or progress polling...
[[0;32m  OK  [0m] Mounted Huge Pages File System.
[   26.111397] Loading iSCSI transport class v2.0-870.
[[0;32m  OK  [0m] Started Create list of required staâ€¦vice nodes for the current kernel.
[[0;32m  OK  [0m] Mounted POSIX Message Queue File System.
[[0;32m  OK  [0m] Mounted Kernel Debug File System.
[[0;32m  OK  [0m] Started Uncomplicated firewall.
[[0;32m  OK  [0m] Started File System Check Daemon to report status.
         Starting Create Static Device Nodes in /dev...
[[0;32m  OK  [0m] Started File System Check on Root Device.
         Starting Remount Root and Kernel File Systems...
[[0;32m  OK  [0m] Started Journal Service.
[   26.493901] iscsi: registered transport (tcp)
[   26.544814] EXT4-fs (sda1): re-mounted. Opts: (null)
[[0;32m  OK  [0m] Started Create Static Device Nodes in /dev.
[[0;32m  OK  [0m] Started Remount Root and Kernel File Systems.
[[0;32m  OK  [0m] Started LVM2 metadata daemon.
         Starting Load/Save Random Seed...
         Starting Flush Journal to Persistent Storage...
         Starting udev Kernel Device Manager...
[[0;32m  OK  [0m] Started udev Coldplug all Devices.
[[0;32m  OK  [0m] Started Load/Save Random Seed.
[   26.885844] systemd-journald[431]: Received request to flush runtime journal from PID 1
[[0;32m  OK  [0m] Started Monitoring of LVM2 mirrors,â€¦sing dmeventd or progress polling.
[[0;32m  OK  [0m] Started Flush Journal to Persistent Storage.
[   27.135852] iscsi: registered transport (iser)
[[0;32m  OK  [0m] Started Load Kernel Modules.
         Mounting Kernel Configuration File System...
         Starting Apply Kernel Variables...
         Mounting FUSE Control File System...
[[0;32m  OK  [0m] Mounted FUSE Control File System.
[[0;32m  OK  [0m] Started udev Kernel Device Manager.
[[0;32m  OK  [0m] Mounted Kernel Configuration File System.
[[0;32m  OK  [0m] Started Apply Kernel Variables.
[[0;32m  OK  [0m] Found device /dev/ttyS0.
[[0;32m  OK  [0m] Listening on Load/Save RF Kill Switch Status /dev/rfkill Watch.
[[0;32m  OK  [0m] Started Set the console keyboard layout.
[[0;32m  OK  [0m] Started Dispatch Password Requests to Console Directory Watch.
[[0;32m  OK  [0m] Reached target Local Encrypted Volumes.
[[0;32m  OK  [0m] Reached target Local File Systems (Pre).
[[0;32m  OK  [0m] Reached target Local File Systems.
         Starting AppArmor initialization...
         Starting Commit a transient machine-id on disk...
         Starting Tell Plymouth To Write Out Runtime Data...
         Starting Create Volatile Files and Directories...
         Starting ebtables ruleset management...
         Starting Set console font and keymap...
[[0;32m  OK  [0m] Started Tell Plymouth To Write Out Runtime Data.
[[0;32m  OK  [0m] Started Set console font and keymap.
[[0;32m  OK  [0m] Started Commit a transient machine-id on disk.
[[0;32m  OK  [0m] Started Create Volatile Files and Directories.
         Starting Update UTMP about System Boot/Shutdown...
[[0;32m  OK  [0m] Started ebtables ruleset management.
[[0;32m  OK  [0m] Started Update UTMP about System Boot/Shutdown.
[[0;32m  OK  [0m] Started AppArmor initialization.
         Starting Load AppArmor profiles managed internally by snapd...
         Starting Initial cloud-init job (pre-networking)...
[[0;32m  OK  [0m] Started Load AppArmor profiles managed internally by snapd.
[   37.732460] cloud-init[621]: Cloud-init v. 22.1-14-g2e17a0d6-0ubuntu1~18.04.3 running 'init-local' at Mon, 16 Oct 2023 21:01:48 +0000. Up 36.11 seconds.
[[0;32m  OK  [0m] Started Initial cloud-init job (pre-networking).
[[0;32m  OK  [0m] Reached target Network (Pre).
         Starting Network Service...
[[0;32m  OK  [0m] Started Network Service.
         Starting Wait for Network to be Configured...
         Starting Network Name Resolution...
[[0;32m  OK  [0m] Started Network Name Resolution.
[[0;32m  OK  [0m] Reached target Host and Network Name Lookups.
[[0;32m  OK  [0m] Reached target Network.
[[0;32m  OK  [0m] Started Wait for Network to be Configured.
         Starting Initial cloud-init job (metadata service crawler)...
[   42.941824] cloud-init[737]: Cloud-init v. 22.1-14-g2e17a0d6-0ubuntu1~18.04.3 running 'init' at Mon, 16 Oct 2023 21:01:54 +0000. Up 41.95 seconds.
[   42.964930] cloud-init[737]: ci-info: ++++++++++++++++++++++++++++++++++++++Net device info++++++++++++++++++++++++++++++++++++++
[   42.979026] cloud-init[737]: ci-info: +--------+-------+---------------------------+---------------+--------+-------------------+
[   42.992551] cloud-init[737]: ci-info: | Device |   Up  |          Address          |      Mask     | Scope  |     Hw-Address    |
[   43.011027] cloud-init[737]: ci-info: +--------+-------+---------------------------+---------------+--------+-------------------+
[   43.028006] cloud-init[737]: ci-info: | enp0s3 |  True |         10.0.2.15         | 255.255.255.0 | global | 02:a2:6a:7b:07:96 |
[   43.044073] cloud-init[737]: ci-info: | enp0s3 |  True | fe80::a2:6aff:fe7b:796/64 |       .       |  link  | 02:a2:6a:7b:07:96 |
[   43.056950] cloud-init[737]: ci-info: | enp0s8 | False |             .             |       .       |   .    | 08:00:27:16:8d:8d |
[   43.071480] cloud-init[737]: ci-info: |   lo   |  True |         127.0.0.1         |   255.0.0.0   |  host  |         .         |
[   43.086823] cloud-init[737]: ci-info: |   lo   |  True |          ::1/128          |       .       |  host  |         .         |
[   43.101336] cloud-init[737]: ci-info: +--------+-------+---------------------------+---------------+--------+-------------------+
[   43.113587] cloud-init[737]: ci-info: ++++++++++++++++++++++++++++Route IPv4 info+++++++++++++++++++++++++++++
[   43.125823] cloud-init[737]: ci-info: +-------+-------------+----------+-----------------+-----------+-------+
[   43.136842] cloud-init[737]: ci-info: | Route | Destination | Gateway  |     Genmask     | Interface | Flags |
[   43.149158] cloud-init[737]: ci-info: +-------+-------------+----------+-----------------+-----------+-------+
[   43.159778] cloud-init[737]: ci-info: |   0   |   0.0.0.0   | 10.0.2.2 |     0.0.0.0     |   enp0s3  |   UG  |
[   43.173010] cloud-init[737]: ci-info: |   1   |   10.0.2.0  | 0.0.0.0  |  255.255.255.0  |   enp0s3  |   U   |
[   43.185063] cloud-init[737]: ci-info: |   2   |   10.0.2.2  | 0.0.0.0  | 255.255.255.255 |   enp0s3  |   UH  |
[   43.197692] cloud-init[737]: ci-info: +-------+-------------+----------+-----------------+-----------+-------+
[   43.211041] cloud-init[737]: ci-info: +++++++++++++++++++Route IPv6 info+++++++++++++++++++
[   43.221920] cloud-init[737]: ci-info: +-------+-------------+---------+-----------+-------+
[   43.233721] cloud-init[737]: ci-info: | Route | Destination | Gateway | Interface | Flags |
[   43.245736] cloud-init[737]: ci-info: +-------+-------------+---------+-----------+-------+
[   43.257456] cloud-init[737]: ci-info: |   1   |  fe80::/64  |    ::   |   enp0s3  |   U   |
[   43.273721] cloud-init[737]: ci-info: |   3   |    local    |    ::   |   enp0s3  |   U   |
[   43.287747] cloud-init[737]: ci-info: |   4   |   ff00::/8  |    ::   |   enp0s3  |   U   |
[   43.302230] cloud-init[737]: ci-info: +-------+-------------+---------+-----------+-------+
[   45.869042] cloud-init[737]: Generating public/private rsa key pair.
[   45.883175] cloud-init[737]: Your identification has been saved in /etc/ssh/ssh_host_rsa_key.
[   45.898886] cloud-init[737]: Your public key has been saved in /etc/ssh/ssh_host_rsa_key.pub.
[   45.913371] cloud-init[737]: The key fingerprint is:
[   45.927365] cloud-init[737]: SHA256:8x12jyfYum53eLidAG7dicg+xC0pOi8fO6lokzxfG5g root@ubuntu-bionic
[   45.942276] cloud-init[737]: The key's randomart image is:
[   45.958288] cloud-init[737]: +---[RSA 2048]----+
[   45.969770] cloud-init[737]: |                 |
[   45.988040] cloud-init[737]: |                 |
[   46.001949] cloud-init[737]: |                 |
[   46.025191] cloud-init[737]: |                 |
[   46.037127] cloud-init[737]: |        S ..= .  |
[   46.048170] cloud-init[737]: |        o+oB+*oo.|[[0;32m  OK  [0m] Started Initial cloud-init job (metadata service crawler).

[[0;32m  OK  [0m] Reached target System Initialization.
[   46.086872] [[0;32m  OK  [0m] Started ACPI Events Check.
cloud-init[737]: [[0;32m  OK  [0m] Listening on D-Bus System Message Bus Socket.
|    . .E.+==+++=o|
[[0;32m  OK  [0m] Started Message of the Day.
[[0;32m  OK  [0m] Listening on Open-iSCSI iscsid Socket.
[   46.125753] [[0;32m  OK  [0m] Started Daily apt download activities.
cloud-init[737]: [[0;32m  OK  [0m] Started Daily apt upgrade and clean activities.
|     *.+.oB...=++|
         [   46.157681] cloud-init[737]: |    ..+o*=.+=o.=.|
Starting Socket activation for snappy daemon.
[[0;32m  OK  [0m[   46.169688] cloud-init[737]: +----[SHA256]-----+
] Listening on ACPID Listen Socket.
[[0;32m  OK  [0m] Started Daily Cleanup of Temporary Directories.[   46.186347] cloud-init[737]: Generating public/private dsa key pair.

[[0;32m  OK  [0m] Listening on UUID daemon activation socket.
[   46.195771] [[0;32m  OK  [0m] Started Trigger to poll for Ubuntu â€¦(Only enabled on GCP LTS non-pro).
cloud-init[737]: Your identification has been saved in /etc/ssh/ssh_host_dsa_key.
[   46.214131] [[0;32m  OK  [0m] Reached target Paths.
[[0;32m  OK  [0m] Listening on cloud-init hotplug hook socket.
[[0;32m  OK  [0m] Started Ubuntu Advantage Timer for running repeated jobs.
cloud-init         Starting LXD - unix socket.
[[0;32m  OK  [0m] Started Discard unused blocks once a week.
[737]: Your public key has been saved in /etc/ssh/ssh_host_dsa_key.pub.
[   46.245249] cloud-init[737]: The key fingerprint is:
[   46.246242] cloud-init[737]: SHA256:LlU2e1f1cS9NX/7JRUhuB+CJwaqbfGHzu1pxcwrj0WE root@ubuntu-bionic
[   46.247185] cloud-init[737]: The key's randomart image is:
[   46.248639] cloud-init[737]: +---[DSA 1024]----+
[   46.250735] cloud-init[737]: |         .. .ooo*|
[[0;32m  OK  [0m] Reached target Timers.
[[0;32m  OK  [0m] Reached target Network is Online.
[   46.251872] cloud-init[737]: |          .+ o.*O|
[[0;32m  OK  [0m[   46.301746] cloud-init[737]: ] Reached target Remote File Systems (Pre).
[|         .= E + X|
[   46.315513] [0;32m  OK  [0m] Reached target Remote File Systems.
cloud-init[737]: |        .o = o.++|         Starting Availability of block devices...
[[0;32m  OK  [0m] Reached target Cloud-config availability.
[   46.358209] cloud-init[737]: |       .S * = oo.|
[[0;32m  OK  [0m] Listening on Socket activation for snappy daemon.
[[0;32m  OK  [0m] Listening on LXD - unix socket.
[[0;32m  OK  [0m] Reached target Sockets.
[[0;32m  OK  [0m] Reached target Basic System.

[[0;32m  OK  [0m] Started Deferred execution scheduler.[   46.406378] 
cloud-init[737]: |      .o+. B =   |
[   46.427262] cloud-init[737]: |     ..+.+o .    |
[   46.445981] cloud-init[737]: |      +....      |
[   46.453385] [[0;32m  OK  [0m] Started irqbalance daemon.
[[0;32m  OK  [0m] Started FUSE filesystem for LXC.
cloud-init[737]: |       ...oo     |
         [   46.501753] cloud-initStarting LSB: automatic crash report generation...
[737]: +----[SHA256]-----+
[   46.527063] cloud-init[737]: Generating public/private ecdsa key pair.[[0;32m  OK  [0m] Started Regular background program processing daemon.

         Starting Pollinate to seed the pseudo random number generator...
         Starting LSB: Record successful boot for GRUB...[   46.610337] cloud-init[737]: Your identification has been saved in /etc/ssh/ssh_host_ecdsa_key.
         Starting System Logging Service...

         Starting Permit User Sessions...
         Starting Virtualbox guest utils...
         Starting Accounts Service...[   46.683376] 
cloud-init[737]:          Starting Login Service...
Your public key has been saved in /etc/ssh/ssh_host_ecdsa_key.pub.         Starting LXD - container startup/shutdown...

[   46.776239] cloud-init[737]: The key fingerprint is:
[   46.806225] cloud-init         Starting Dispatcher daemon for systemd-networkd...
[[0;32m  OK  [0m] Started D-Bus System Message Bus.
[737]: SHA256:i+no3e8YdVOoZ3GbJcGXjAdt5io0UxcYLLwhQLR0Te8 root@ubuntu-bionic
[   46.885094] cloud-init[737]: The key's randomart image is:
[   46.905667] cloud-init[737]: +---[ECDSA 256]---+
[   46.919407] cloud-init[737]: |      o=..+..+O.o|
[   46.945171] cloud-init[737]: |      . o. =.*.X.|
[   47.001018] cloud-init[737]: |       .  . B.X..|
[   47.044537] cloud-init[737]: |           *.+ * |
[   47.082311] cloud-init[737]: |        S + BE+  |
[   47.147588] cloud-init[737]: |       o o = o   |
[   47.158376] cloud-init[737]: |      o o   .    |
[   47.167599] cloud-init[737]: |     + . o       |
[   47.193923] cloud-init[737]: |   .o o ooo      |
[   47.207430] cloud-init[737]: +----[SHA256]-----+
[   47.234964] cloud-init[737]: Generating public/private ed25519 key pair.
[   47.249207] cloud-init[737]: Your identification has been saved in /etc/ssh/ssh_host_ed25519_key.
[   47.260997] cloud-init[737]: Your public key has been saved in /etc/ssh/ssh_host_ed25519_key.pub.
[   47.277425] cloud-init[737]: The key fingerprint is:
[   47.307621] cloud-init[737]: SHA256:Rmk94rioQX99VY2Tfge2LmcINvTIR/SXCT5kwWUFwPU root@ubuntu-bionic
[   47.337683] cloud-init[737]: The key's randomart image is:
[   47.382430] cloud-init[737]: +--[ED25519 256]--+
[   47.425978] cloud-init[737]: |           .+B=+o|
[   47.469558] cloud-init[737]: |         o .=oo=o|
[   47.508396] cloud-init         Starting Snap Daemon...
[[0;32m  OK  [0m[737]: |        = + .oOoE|] Started System Logging Service.
[[0;32m  OK  [0m] Started Availability of block devices.
[[0;32m  OK  [0m] Started Permit User Sessions.

[   47.621570] cloud-init[737]:          Starting Terminate Plymouth Boot Screen...
         Starting Hold until boot process finishes up...
[[0;32m  OK  [0m] Started Login Service.
|       = + = +.= |[[0;32m  OK  [0m] Started Unattended Upgrades Shutdown.

[   47.744541] cloud-init[[0;32m  OK  [0m] Started Hold until boot process finishes up.
[737]:          Starting Set console scheme...
|  .   . S * + o o|[[0;32m  OK  [0m
] Started Serial Getty on ttyS0.
[   47.916155] [[0;32m  OK  [0mcloud-init[737]: ] Started Terminate Plymouth Boot Screen.
| . . . + . = o ..|
[   47.962310] cloud-init[737]: |  . o o . . o +  |
[   48.015015] cloud-init         Starting Authorization Manager...
[737]: |   o .   .   +   |
[   48.071101] cloud-init[737]: |  .              |[
[0;32m  OK  [0m] Started Set console scheme.
[   48.101836] cloud-init[737]: +----[SHA256]-----+[[0;32m  OK  [0m] Created slice system-getty.slice.

[[0;32m  OK  [0m] Started Getty on tty1.
[[0;32m  OK  [0m] Reached target Login Prompts.
[[0;32m  OK  [0m] Started LSB: automatic crash report generation.
[[0;32m  OK  [0m] Started LSB: Record successful boot for GRUB.
[[0;32m  OK  [0m] Started Authorization Manager.
[[0;32m  OK  [0m] Started Accounts Service.
[[0;32m  OK  [0m] Started LXD - container startup/shutdown.
[[0;32m  OK  [0m] Started Dispatcher daemon for systemd-networkd.
[[0;32m  OK  [0m] Started Virtualbox guest utils.
[[0;32m  OK  [0m] Started Pollinate to seed the pseudo random number generator.
         Starting OpenBSD Secure Shell server...
[[0;32m  OK  [0m] Started Snap Daemon.
         Starting Wait until snapd is fully seeded...
[[0;32m  OK  [0m] Started OpenBSD Secure Shell server.
[[0;32m  OK  [0m] Created slice User Slice of vagrant.
         Starting User Manager for UID 1000...
[[0;32m  OK  [0m] Started Session 1 of user vagrant.
         Starting Time & Date Service...
[[0;32m  OK  [0m] Started Time & Date Service.
[[0;32m  OK  [0m] Started User Manager for UID 1000.

Ubuntu 18.04.6 LTS ubuntu-bionic ttyS0

ubuntu-bionic login: [   64.085332] cloud-init[1200]: Cloud-init v. 22.1-14-g2e17a0d6-0ubuntu1~18.04.3 running 'modules:config' at Mon, 16 Oct 2023 21:02:13 +0000. Up 60.83 seconds.
ci-info: no authorized SSH keys fingerprints found for user ubuntu.
<14>Oct 16 21:02:18 cloud-init: #############################################################
<14>Oct 16 21:02:18 cloud-init: -----BEGIN SSH HOST KEY FINGERPRINTS-----
<14>Oct 16 21:02:18 cloud-init: 1024 SHA256:LlU2e1f1cS9NX/7JRUhuB+CJwaqbfGHzu1pxcwrj0WE root@ubuntu-bionic (DSA)
<14>Oct 16 21:02:18 cloud-init: 256 SHA256:i+no3e8YdVOoZ3GbJcGXjAdt5io0UxcYLLwhQLR0Te8 root@ubuntu-bionic (ECDSA)
<14>Oct 16 21:02:18 cloud-init: 256 SHA256:Rmk94rioQX99VY2Tfge2LmcINvTIR/SXCT5kwWUFwPU root@ubuntu-bionic (ED25519)
<14>Oct 16 21:02:18 cloud-init: 2048 SHA256:8x12jyfYum53eLidAG7dicg+xC0pOi8fO6lokzxfG5g root@ubuntu-bionic (RSA)
<14>Oct 16 21:02:18 cloud-init: -----END SSH HOST KEY FINGERPRINTS-----
<14>Oct 16 21:02:18 cloud-init: #############################################################
-----BEGIN SSH HOST KEY KEYS-----
ecdsa-sha2-nistp256 AAAAE2VjZHNhLXNoYTItbmlzdHAyNTYAAAAIbmlzdHAyNTYAAABBBMQcW4v49+zFfEuOGJ5KrCBTq2Kq96wswoW5CcT8lRib+qt0iQaFPQNu+qCzhFof+7yFDMCyRI9BEWRWxGbYQEU= root@ubuntu-bionic
ssh-ed25519 AAAAC3NzaC1lZDI1NTE5AAAAIN3Fl+jk1CO1Yma9NCvGz6CHV6U/E3j3MhcLrVmi4CDz root@ubuntu-bionic
ssh-rsa AAAAB3NzaC1yc2EAAAADAQABAAABAQC+kVb/54Hc0Mq+ryP/MAkE5kW6wQPobrhcgbcbzADC9YbmfJhSS61G6yPEWXXTlX3NT2WvYL6uMaJJZk8eR7/OkNi7Mo1U4IJ5S1REDQErkXr2y7FqSgvANRC0PZqILO53NIOYtYnw/As/ZCLm5pdKsjBLPl5uRJv8l9hfzqFEoKvM0fSlFQf80YYNWdLJs92WmA2mAEm6TFCErvoEf9B+WJU96H2aZAN/TpkvxA7Y0RcnYkclZSNBpqjO4kb62PAmVbO8ywDqd2EnvdaNeF0vQB9S3ttp1X86hrUEh4iJVuMyOQl4jhYHyiKTNsxyVwE8IOEX3DgIswtYAFG7ot+R root@ubuntu-bionic
-----END SSH HOST KEY KEYS-----
[   66.635680] cloud-init[1352]: Cloud-init v. 22.1-14-g2e17a0d6-0ubuntu1~18.04.3 running 'modules:final' at Mon, 16 Oct 2023 21:02:18 +0000. Up 65.76 seconds.
[   66.667557] cloud-init[1352]: Cloud-init v. 22.1-14-g2e17a0d6-0ubuntu1~18.04.3 finished at Mon, 16 Oct 2023 21:02:18 +0000. Datasource DataSourceNoCloud [seed=/dev/sdb][dsmode=net].  Up 66.49 seconds
